Detailed task information for projectInfo

Path
     :projectInfo

Type
     ProjectInfoTask (com.example.ProjectInfoTask)

Options
     --format     Output format of the project information.
                  Available values are:
                       JSON
                       PLAIN

Description
     Displays current project info

Group
     help
